// Vitest Snapshot v1, https://vitest.dev/guide/snapshot.html

exports[`debugPrint > prints with custom title 1`] = `
[
  [
    "=================================== MY TITLE ===================================",
  ],
  [
    "some body text",
  ],
  [
    "===================================== END ======================================",
  ],
]
`;

exports[`debugPrint > prints with default DEBUG title 1`] = `
[
  [
    "==================================== DEBUG =====================================",
  ],
  [
    "hello world",
  ],
  [
    "===================================== END ======================================",
  ],
]
`;
